../Core/Src/main.c:159:7:delay_us	24	static,ignoring_inline_asm
../Core/Src/main.c:173:5:main	40	static
../Core/Src/main.c:315:6:SystemClock_Config	88	static
../Core/Src/main.c:363:13:MX_ADC1_Init	24	static
../Core/Src/main.c:415:13:MX_I2C3_Init	8	static
../Core/Src/main.c:449:13:MX_RTC_Init	56	static
../Core/Src/main.c:537:13:MX_SPI1_Init	8	static
../Core/Src/main.c:575:13:MX_TIM3_Init	32	static
../Core/Src/main.c:624:13:MX_USART2_UART_Init	8	static
../Core/Src/main.c:657:13:MX_GPIO_Init	48	static
../Core/Src/main.c:717:5:_write	24	static
../Core/Src/main.c:721:6:Ultrasonic_Trigger	8	static
../Core/Src/main.c:727:6:vApplicationIdleHook	8	static
../Core/Src/main.c:739:6:SetRtcWakeup_ms	24	static
../Core/Src/main.c:755:6:HAL_RTCEx_WakeUpTimerEventCallback	16	static
../Core/Src/main.c:769:6:alertTaskFunction	24	static
../Core/Src/main.c:823:6:LoraTaskFunction	144	static
../Core/Src/main.c:887:6:readingSensorFunction	192	static
../Core/Src/main.c:1083:6:LcdTaskFunction	128	static
../Core/Src/main.c:1126:6:HAL_TIM_PeriodElapsedCallback	16	static
../Core/Src/main.c:1143:6:Error_Handler	4	static,ignoring_inline_asm
